
> wireframes@0.1.0 build
> next build

▲ Next.js 16.2.1 (Turbopack)

  Creating an optimized production build ...
✓ Compiled successfully in 4.1s
  Running TypeScript ...
  Finished TypeScript in 2.3s ...
  Collecting page data using 13 workers ...
  Generating static pages using 13 workers (0/16) ...
  Generating static pages using 13 workers (4/16) 
  Generating static pages using 13 workers (8/16) 
  Generating static pages using 13 workers (12/16) 
✓ Generating static pages using 13 workers (16/16) in 200ms
  Finalizing page optimization ...

Route (app)
┌ ○ /
├ ○ /_not-found
├ ○ /failed-posts
├ ○ /login
├ ○ /post
├ ○ /queue
├ ○ /reports
├ ○ /reports/earnings
├ ○ /reports/page
├ ○ /reports/results
├ ○ /settings/account
├ ○ /settings/connections
├ ○ /settings/pages
└ ○ /upload


○  (Static)  prerendered as static content

